// Jest Snapshot v1, https://goo.gl/fbAQLP

exports[`Photolist Testing snapshot 1`] = `
<DocumentFragment>
  <div
    class="flex-row"
  />
</DocumentFragment>
`;
